if True then
	io.putstring (c_ren.c2_a_ren)
	io.putstring (Current.c_ren.c2_b)
	io.putstring (io.putstring (arg_c2_a2.c2_b))
	io.putstring (a_c.c2_a_ren.out)
	io.putstring (other.arg_c1_a1.c1_b)
	io.putstring (a2.generating_type)
	io.putstring ((c_ren + arg_c2_a2.c2_b).out)
	create str_a2.make_from_string (arg_c2_a2.c2_b)
	io.putstring (create {STRING}.make_from_string (a_c.c2_a_ren))
	io.putstring (str_a2)
end