







 === CDD_TEST_ROOT_CLASS_001_MOG_THE_PERSEVERANT.test_infix_less

Status after last execution:

Reproduced original failure (at least once)

Last execution:
Conclusion:
	FAIL

Setup [normal]
Test [exception]
	code: 4
	name: Postcondition
	tag: false_postcondition
	feature: infix "<"@0
	class: ROOT_CLASS


Teardown [normal]

Original Outcome
covers: {ROOT_CLASS}.infix "<"
[exception]
	code: 4
	name: Postcondition
	tag: false_postcondition
	feature: infix "<"@1
	class: ROOT_CLASS



 === CDD_TEST_ROOT_CLASS_002_MOG_THE_PERSEVERANT.test_make

Status after last execution:

Reproduced original failure (at least once)

Last execution:
Conclusion:
	FAIL

Setup [normal]
Test [exception]
	code: 4
	name: Postcondition
	tag: false_postcondition
	feature: infix "<"@0
	class: ROOT_CLASS


Teardown [normal]

Original Outcome
covers: {ROOT_CLASS}.make
[exception]
	code: 4
	name: Postcondition
	tag: false_postcondition
	feature: infix "<"@1
	class: ROOT_CLASS


