







 === CDD_TEST_ROOT_CLASS_001_MOG_THE_PERSEVERANT.test_foo

Status after last execution:

Never reproduced original failure

Last execution:
Conclusion:
	UNRESOLVED

Setup [exception]
	code: 6
	name: Class_invariant
	tag: field_non_negative
	feature: set_up_context@6
	class: CDD_EXTRACTED_TEST_CASE



Requires maintenance because of:
	bad input

Original Outcome
covers: {ROOT_CLASS}.foo
[exception]
	code: 6
	name: Class_invariant
	tag: field_non_negative
	feature: set_field@4
	class: SOME_CLASS



 === CDD_TEST_ROOT_CLASS_002_MOG_THE_PERSEVERANT.test_bar

Status after last execution:

Never reproduced original failure

Last execution:
Conclusion:
	UNRESOLVED

Setup [exception]
	code: 6
	name: Class_invariant
	tag: field_non_negative
	feature: set_up_context@6
	class: CDD_EXTRACTED_TEST_CASE



Requires maintenance because of:
	bad input

Original Outcome
covers: {ROOT_CLASS}.bar
[exception]
	code: 6
	name: Class_invariant
	tag: field_non_negative
	feature: set_field@4
	class: SOME_CLASS



 === CDD_TEST_ROOT_CLASS_003_MOG_THE_PERSEVERANT.test_make

Status after last execution:

Reproduced original failure (at least once)

Last execution:
Conclusion:
	FAIL

Setup [normal]
Test [exception]
	code: 6
	name: Class_invariant
	tag: field_non_negative
	feature: set_field@0
	class: SOME_CLASS


Teardown [normal]

Original Outcome
covers: {ROOT_CLASS}.make
[exception]
	code: 6
	name: Class_invariant
	tag: field_non_negative
	feature: set_field@4
	class: SOME_CLASS



 === CDD_TEST_SOME_CLASS_001_MOG_THE_PERSEVERANT.test_set_field

Status after last execution:

Never reproduced original failure

Last execution:
Conclusion:
	UNRESOLVED

Setup [exception]
	code: 6
	name: Class_invariant
	tag: field_non_negative
	feature: set_up_context@6
	class: CDD_EXTRACTED_TEST_CASE



Requires maintenance because of:
	bad input

Original Outcome
covers: {SOME_CLASS}.set_field
[exception]
	code: 6
	name: Class_invariant
	tag: field_non_negative
	feature: set_field@4
	class: SOME_CLASS


