







 === CDD_TEST_ROOT_CLASS_001_MOG_THE_PERSEVERANT.test_make

Status after last execution:

Reproduced original failure (at least once)

Last execution:
Conclusion:
	FAIL

Setup [normal]
Test [exception]
	code: 4
	name: Postcondition
	tag: false_postcondition
	feature: infix "&bla2blub-bla"@0
	class: SOME_CLASS


Teardown [normal]

Original Outcome
covers: {ROOT_CLASS}.make
[exception]
	code: 4
	name: Postcondition
	tag: false_postcondition
	feature: infix "&bla2blub-bla"@1
	class: SOME_CLASS



 === CDD_TEST_SOME_CLASS_001_MOG_THE_PERSEVERANT.test_infix__symb_amp_bla2blub_bla

Status after last execution:

Reproduced original failure (at least once)

Last execution:
Conclusion:
	FAIL

Setup [normal]
Test [exception]
	code: 4
	name: Postcondition
	tag: false_postcondition
	feature: infix "&bla2blub-bla"@4
	class: SOME_CLASS


Teardown [normal]

Original Outcome
covers: {SOME_CLASS}.infix "&bla2blub-bla"
[exception]
	code: 4
	name: Postcondition
	tag: false_postcondition
	feature: infix "&bla2blub-bla"@1
	class: SOME_CLASS


